00 BB DD FF 0C 00 00 00 0D 07 00 00 00 00 00 00 01 00 00 2A 00 BB DD FF 10 00 00 00 1E 07 00 00
00 00 00 00 55 01 00 00 01 05 00 00 00 BB DD FF 10 00 00 00 2D 07 00 00 00 00 00 00 58 01 00 00
02 02 1F 00 00 BB DD FF 0C 00 00 00 44 07 00 00 00 00 00 00 08 25 00 00 00 BB DD FF 10 00 00 00
55 07 00 00 00 00 00 00 09 29 00 00 00 00 00 00 00 BB DD FF 0C 00 00 00 6E 07 00 00 00 00 00 00
2B 00 00 00 00 BB DD FF 10 00 00 00 2E 08 00 00 00 00 00 00 3B 00 00 00 00 00 00 00 00 BB DD FF
0C 00 00 00 90 08 00 00 00 00 00 00 A4 01 00 00 00 BB DD FF 0C 00 00 00 A1 08 00 00 00 00 00 00
25 00 00 00 00 BB DD FF 0C 00 00 00 26 0A 00 00 00 00 00 00 A4 01 00 00 00 BB DD FF 0C 00 00 00
F6 0A 00 00 00 00 00 00 10 00 00 00 00 BB DD FF 0C 00 00 00 BB 0B 00 00 00 00 00 00 34 00 00 00
00 BB DD FF 0C 00 00 00 AF 0C 00 00 00 00 00 00 34 00 00 00 00 BB DD FF 0C 00 00 00 EF 0D 00 00
00 00 00 00 A1 00 00 00 00 BB DD FF 0C 00 00 00 04 0E 00 00 00 00 00 00 A2 00 00 00 00 BB DD FF
0C 00 00 00 22 0E 00 00 00 00 00 00 A0 00 00 00 00 BB DD FF 0C 00 00 00 A3 0E 00 00 00 00 00 00
BD 00 00 00 00 BB DD FF 0C 00 00 00 71 10 00 00 00 00 00 00 00 2B 00 00 00 BB DD FF 0C 00 00 00
D5 11 00 00 00 00 00 00 6A 01 00 00 00 BB DD FF 0C 00 00 00 19 12 00 00 00 00 00 00 6A 01 00 00
00 BB DD FF 0C 00 00 00 73 12 00 00 00 00 00 00 AB 00 00 00 00 BB DD FF 0C 00 00 00 A7 12 00 00
00 00 00 00 AB 00 00 00 00 BB DD FF 0C 00 00 00 2E 16 00 00 00 00 00 00 13 27 00 00 00 BB DD FF
0C 00 00 00 41 16 00 00 00 00 00 00 95 00 00 00 00 BB DD FF 0C 00 00 00 51 16 00 00 00 00 00 00
E3 00 00 00 00 BB DD FF 0C 00 00 00 70 16 00 00 00 00 00 00 03 00 00 2A 00 00 00 00 00 00 00 00
00 00 00 00 00 00 00 00 00 00 00 00 00 00 00 00 00 00 00 00 00 00 00 00 00 00 00 00 00 00 00 00
00 00 00 00 00 00 00 00 00 00 00 00 00 00 00 00 00 00 00 00 00 00 00 00 00 00 00 00 00 00 00 00
00 00 00 00 00 00 00 00 00 00 00 00 00 00 00 00 00 00 00 00 00 00 00 00 00 00 00 00 00 00 00 00
00 00 00 00 00 00 00 00 00 00 00 00 00 00 00 00 00 00 00 00 00 00 00 00 00 00 00 00 00 00 00 00
00 00 00 00 00 00 00 00 00 00 00 00 00 00 00 00 00 00 00 00 00 00 00 00 00 00 00 00 00 00 00 00
00 00 00 00 00 00 00 00 00 00 00 00 00 00 00 00 00 00 00 00 00 00 00 00 00 00 00 00 00 00 00 00
00 00 00 00 00 00 00 00 00 00 00 00 00 00 00 00 00 00 00 00 00 00 00 00 00 00 00 00 00 00 00 00
00 00 00 00 00 00 00 00 00 00 00 00 00 00 00 00 00 00 00 00 00 00 00 00 00 00 00 00 00 00 00 00
00 00 00 00 00 00 00 00 00 00 00 00 00 00 00 00 00 00 00 00 00 00 00 00 00 00 00 00 00 00 00 00
00 00 00 00 00 00 00 00 00 00 00 00 00 00 00 00 00 00 00 00 00 00 00 00 00 00 00 00 00 00 00 00
00 00 00 00 00 00 00 00 00 00 00 00 00 00 00 00 00 00 00 00 00 00 00 00 00 00 00 00 00 00 00 00
00 00 00 00 00 00 00 00 00 00 00 00 00 00 00 00 00 00 00 00 00 00 00 00 00 00 00 00 00 00 00 00
00 00 00 00 00 00 00 00 00 00 00 00 00 00 00 00 00 00 00 00 00 00 00 00 00 00 00 00 00 00 00 00
00 00 00 00 00 00 00 00 00 00 00 00 00 00 00 00 00 00 00 00 00 00 00 00 00 00 00 00 00 00 00 00
00 00 00 00 00 00 00 00 00 00 00 00 00 00 00 00 00 00 00 00 00 00 00 00 00 00 00 00 00 00 00 00
